Removed Pin From Net: NetName=NetC1_1 Pin=U1-1
Removed Pin From Net: NetName=NetC14_2 Pin=U1-3
Removed Pin From Net: NetName=GND Pin=U1-5
Removed Pin From Net: NetName=NetC4_1 Pin=U1-7
Removed Pin From Net: NetName=NetC1_2 Pin=U1-8
Removed Pin From Net: NetName=GND Pin=U1-9
Removed Member From Class: ClassName=EG800K Member=U1
Added Component: Designator=IC?(SOIC127P600X170-9N)
Add component (AddParameter): Name = "Arrow Part Number"; Value = ""; VariantName = "[No Variations]"
Add component (AddParameter): Name = "Arrow Price/Stock"; Value = ""; VariantName = "[No Variations]"
Add component (AddParameter): Name = "Datasheet Link"; Value = "http://www.monolithicpower.com/DesktopModules/DocumentManage/API/Document/getDocument?id=1798"; VariantName = "[No Variations]"
Add component (AddParameter): Name = "Height"; Value = "1.7mm"; VariantName = "[No Variations]"
Add component (AddParameter): Name = "Manufacturer_Name"; Value = "Monolithic Power Systems (MPS)"; VariantName = "[No Variations]"
Add component (AddParameter): Name = "Manufacturer_Part_Number"; Value = "MP2560DN-LF"; VariantName = "[No Variations]"
Add component (AddParameter): Name = "Mouser Part Number"; Value = "946-MP2560DNLF"; VariantName = "[No Variations]"
Add component (AddParameter): Name = "Mouser Price/Stock"; Value = "https://www.mouser.co.uk/ProductDetail/Monolithic-Power-Systems-MPS/MP2560DN-LF?qs=rC7bBWoQAAleyiym%2FnQvhQ%3D%3D"; VariantName = "[No Variations]"
Added Pin To Net: NetName=NetC1_1 Pin=IC?-1
Added Pin To Net: NetName=NetC14_2 Pin=IC?-3
Added Pin To Net: NetName=GND Pin=IC?-5
Added Pin To Net: NetName=NetC4_1 Pin=IC?-7
Added Pin To Net: NetName=NetC1_2 Pin=IC?-8
Added Pin To Net: NetName=GND Pin=IC?-9
Added Pin To Net: NetName=NetIC?_2 Pin=IC?-2
Added Pin To Net: NetName=NetIC?_2 Pin=R1-2
Added Pin To Net: NetName=NetIC?_2 Pin=R2-1
Added Net: Name=NetIC?_2
Added Pin To Net: NetName=NetIC?_4 Pin=IC?-4
Added Pin To Net: NetName=NetIC?_4 Pin=R7-1
Added Pin To Net: NetName=NetIC?_4 Pin=R10-2
Added Net: Name=NetIC?_4
Added Pin To Net: NetName=NetIC?_6 Pin=IC?-6
Added Pin To Net: NetName=NetIC?_6 Pin=R8-2
Added Net: Name=NetIC?_6
Added Member To Class: ClassName=EG800K Member=Component IC? MP2560DN-LF
Added Room: Name=EG800K
