Removed Pin From Net: NetName=GND Pin=P1-1
Removed Pin From Net: NetName=Vin Pin=P1-4
Removed Pin From Net: NetName=RXD Pin=P2-1
Removed Pin From Net: NetName=TXD Pin=P2-2
Removed Pin From Net: NetName=GND Pin=P2-3
Removed Member From Class: ClassName=EG800K Member=P2
Change Component Footprint: Designator=P1 Old Footprint=HDR1X4 New Footprint=HDR1X6
Change Component Comment : Designator=P1 Old Comment=Header 4 New Comment=Header 6
Added Component: Designator=Q5(SOT95P237X112-3N)
Add component (AddParameter): Name = "Availability"; Value = "Unavailable"; VariantName = "[No Variations]"
Add component (AddParameter): Name = "MF"; Value = "{'manufacturer': u'Taiwan Semiconductor'}"; VariantName = "[No Variations]"
Add component (AddParameter): Name = "MP"; Value = "MMBT3904_RFG"; VariantName = "[No Variations]"
Add component (AddParameter): Name = "Package"; Value = "None"; VariantName = "[No Variations]"
Add component (AddParameter): Name = "Price"; Value = "None"; VariantName = "[No Variations]"
Add component (AddParameter): Name = "Value"; Value = ""; VariantName = "[No Variations]"
Added Component: Designator=Q6(SOT95P237X112-3N)
Add component (AddParameter): Name = "Availability"; Value = "Unavailable"; VariantName = "[No Variations]"
Add component (AddParameter): Name = "MF"; Value = "{'manufacturer': u'Taiwan Semiconductor'}"; VariantName = "[No Variations]"
Add component (AddParameter): Name = "MP"; Value = "MMBT3904_RFG"; VariantName = "[No Variations]"
Add component (AddParameter): Name = "Package"; Value = "None"; VariantName = "[No Variations]"
Add component (AddParameter): Name = "Price"; Value = "None"; VariantName = "[No Variations]"
Add component (AddParameter): Name = "Value"; Value = ""; VariantName = "[No Variations]"
Added Component: Designator=R24(RESC2012X65N)
Add component (AddParameter): Name = "Availability"; Value = "Unavailable"; VariantName = "[No Variations]"
Add component (AddParameter): Name = "MF"; Value = "{'manufacturer': u'Rohm'}"; VariantName = "[No Variations]"
Add component (AddParameter): Name = "MP"; Value = "MCR10EZHJ103"; VariantName = "[No Variations]"
Add component (AddParameter): Name = "Package"; Value = "None"; VariantName = "[No Variations]"
Add component (AddParameter): Name = "Price"; Value = "None"; VariantName = "[No Variations]"
Add component (AddParameter): Name = "Value"; Value = ""; VariantName = "[No Variations]"
Added Component: Designator=R25(RESC2012X65N)
Add component (AddParameter): Name = "Availability"; Value = "Unavailable"; VariantName = "[No Variations]"
Add component (AddParameter): Name = "MF"; Value = "{'manufacturer': u'Rohm'}"; VariantName = "[No Variations]"
Add component (AddParameter): Name = "MP"; Value = "MCR10EZHJ103"; VariantName = "[No Variations]"
Add component (AddParameter): Name = "Package"; Value = "None"; VariantName = "[No Variations]"
Add component (AddParameter): Name = "Price"; Value = "None"; VariantName = "[No Variations]"
Add component (AddParameter): Name = "Value"; Value = ""; VariantName = "[No Variations]"
Added Component: Designator=R26(RESC2012X65N)
Add component (AddParameter): Name = "Availability"; Value = "Unavailable"; VariantName = "[No Variations]"
Add component (AddParameter): Name = "MF"; Value = "{'manufacturer': u'Rohm'}"; VariantName = "[No Variations]"
Add component (AddParameter): Name = "MP"; Value = "MCR10EZHJ103"; VariantName = "[No Variations]"
Add component (AddParameter): Name = "Package"; Value = "None"; VariantName = "[No Variations]"
Add component (AddParameter): Name = "Price"; Value = "None"; VariantName = "[No Variations]"
Add component (AddParameter): Name = "Value"; Value = ""; VariantName = "[No Variations]"
Added Component: Designator=R27(RESC2012X65N)
Add component (AddParameter): Name = "Availability"; Value = "Unavailable"; VariantName = "[No Variations]"
Add component (AddParameter): Name = "MF"; Value = "{'manufacturer': u'Rohm'}"; VariantName = "[No Variations]"
Add component (AddParameter): Name = "MP"; Value = "MCR10EZHJ103"; VariantName = "[No Variations]"
Add component (AddParameter): Name = "Package"; Value = "None"; VariantName = "[No Variations]"
Add component (AddParameter): Name = "Price"; Value = "None"; VariantName = "[No Variations]"
Add component (AddParameter): Name = "Value"; Value = ""; VariantName = "[No Variations]"
Added Component: Designator=R28(RESC2012X65N)
Add component (AddParameter): Name = "Availability"; Value = "Unavailable"; VariantName = "[No Variations]"
Add component (AddParameter): Name = "MF"; Value = "{'manufacturer': u'Rohm'}"; VariantName = "[No Variations]"
Add component (AddParameter): Name = "MP"; Value = "MCR10EZHJ103"; VariantName = "[No Variations]"
Add component (AddParameter): Name = "Package"; Value = "None"; VariantName = "[No Variations]"
Add component (AddParameter): Name = "Price"; Value = "None"; VariantName = "[No Variations]"
Add component (AddParameter): Name = "Value"; Value = ""; VariantName = "[No Variations]"
Added Component: Designator=R29(RESC2012X65N)
Add component (AddParameter): Name = "Availability"; Value = "Unavailable"; VariantName = "[No Variations]"
Add component (AddParameter): Name = "MF"; Value = "{'manufacturer': u'Rohm'}"; VariantName = "[No Variations]"
Add component (AddParameter): Name = "MP"; Value = "MCR10EZHJ103"; VariantName = "[No Variations]"
Add component (AddParameter): Name = "Package"; Value = "None"; VariantName = "[No Variations]"
Add component (AddParameter): Name = "Price"; Value = "None"; VariantName = "[No Variations]"
Add component (AddParameter): Name = "Value"; Value = ""; VariantName = "[No Variations]"
Added Pin To Net: NetName=TXD Pin=P1-1
Added Pin To Net: NetName=RXD Pin=P1-2
Added Pin To Net: NetName=GND Pin=P1-5
Added Pin To Net: NetName=Vin Pin=P1-6
Added Pin To Net: NetName=GND Pin=Q5-2
Added Pin To Net: NetName=GND Pin=Q6-2
Added Pin To Net: NetName=VBAT Pin=R24-2
Added Pin To Net: NetName=VBAT Pin=R25-2
Added Pin To Net: NetName=GND Pin=R28-1
Added Pin To Net: NetName=GND Pin=R29-1
Added Pin To Net: NetName=ACC Pin=P1-4
Added Pin To Net: NetName=ACC Pin=R26-2
Added Net: Name=ACC
Added Pin To Net: NetName=GIPO9 Pin=R27-2
Added Pin To Net: NetName=GIPO9 Pin=U4-9
Added Net: Name=GIPO9
Added Pin To Net: NetName=GIPO10 Pin=Q5-3
Added Pin To Net: NetName=GIPO10 Pin=R24-1
Added Pin To Net: NetName=GIPO10 Pin=U4-10
Added Net: Name=GIPO10
Added Pin To Net: NetName=NetQ5_1 Pin=Q5-1
Added Pin To Net: NetName=NetQ5_1 Pin=R26-1
Added Pin To Net: NetName=NetQ5_1 Pin=R28-2
Added Net: Name=NetQ5_1
Added Pin To Net: NetName=NetQ6_1 Pin=Q6-1
Added Pin To Net: NetName=NetQ6_1 Pin=R27-1
Added Pin To Net: NetName=NetQ6_1 Pin=R29-2
Added Net: Name=NetQ6_1
Added Pin To Net: NetName=OUT Pin=P1-3
Added Pin To Net: NetName=OUT Pin=Q6-3
Added Pin To Net: NetName=OUT Pin=R25-1
Added Net: Name=OUT
Added Member To Class: ClassName=EG800K Member=Component Q5 2SC1815
Added Member To Class: ClassName=EG800K Member=Component Q6 2SC1815
Added Member To Class: ClassName=EG800K Member=Component R24 10k
Added Member To Class: ClassName=EG800K Member=Component R25 10k
Added Member To Class: ClassName=EG800K Member=Component R26 1k
Added Member To Class: ClassName=EG800K Member=Component R27 1k
Added Member To Class: ClassName=EG800K Member=Component R28 10k
Added Member To Class: ClassName=EG800K Member=Component R29 10k
Added Room: Name=EG800K
